---
source: src/ast.rs
expression: "db.resolve(NodeLocation::from_node(uri, x2))"
---
Some(
    Decl {
        module: None,
        id: "x2",
        fqid: "x::X::x2",
        kind: Field(
            [],
        ),
        is_export: None,
        loc: Some(
            Location {
                range: Range {
                    start: Position {
                        line: 2,
                        character: 23,
                    },
                    end: Position {
                        line: 2,
                        character: 25,
                    },
                },
                selection_range: Range {
                    start: Position {
                        line: 2,
                        character: 23,
                    },
                    end: Position {
                        line: 2,
                        character: 25,
                    },
                },
                uri: Uri(
                    Uri {
                        scheme: Some(
                            "file",
                        ),
                        authority: Some(
                            Authority {
                                userinfo: None,
                                host: Host {
                                    text: "",
                                    data: RegName(
                                        "",
                                    ),
                                },
                                port: None,
                            },
                        ),
                        path: "/y.zeek",
                        query: None,
                        fragment: None,
                    },
                ),
            },
        ),
        documentation: "```zeek\n# In x::X\nx2: count;\n```",
    },
)
