---
source: src/ast.rs
expression: "db.resolve(NodeLocation::from_range(uri.clone(),\n            Range::new(pos, pos))).and_then(|d| db.typ(d))"
---
Some(
    Decl {
        module: Global,
        id: "<ipv4>",
        fqid: "<ipv4>",
        kind: Type(
            [],
        ),
        is_export: None,
        loc: None,
        documentation: "Builtin type '<ipv4>'",
    },
)
