---
source: src/ast.rs
expression: db.typ(decl)
---
Some(
    Decl {
        module: Global,
        id: "count",
        fqid: "count",
        kind: Builtin(
            Count,
        ),
        is_export: None,
        loc: None,
        documentation: "Builtin type 'count'",
    },
)
