---
source: src/ast.rs
expression: typ
---
Decl {
    module: Global,
    id: "double",
    fqid: "double",
    kind: Type(
        [],
    ),
    is_export: None,
    loc: None,
    documentation: "Builtin type 'double'",
}
