---
source: src/ast.rs
expression: "db.resolve(NodeLocation::from_node(uri.clone(), node))"
---
Some(
    Decl {
        module: String(
            "x",
        ),
        id: "c",
        fqid: "x::c",
        kind: Global,
        is_export: Some(
            false,
        ),
        loc: Some(
            Location {
                range: Range {
                    start: Position {
                        line: 10,
                        character: 0,
                    },
                    end: Position {
                        line: 10,
                        character: 16,
                    },
                },
                selection_range: Range {
                    start: Position {
                        line: 10,
                        character: 7,
                    },
                    end: Position {
                        line: 10,
                        character: 8,
                    },
                },
                uri: Url {
                    scheme: "file",
                    cannot_be_a_base: false,
                    username: "",
                    password: None,
                    host: None,
                    port: None,
                    path: "/x.zeek",
                    query: None,
                    fragment: None,
                },
            },
        ),
        documentation: "```zeek\nglobal c: count;\n```",
    },
)
