---
source: src/query.rs
expression: "super::decls_(root, uri, source.as_bytes())"
---
{
    Decl {
        module: None,
        id: "ev",
        fqid: "ev",
        kind: EventDecl(
            Signature {
                result: None,
                args: [
                    Decl {
                        module: None,
                        id: "c",
                        fqid: "c",
                        kind: Variable,
                        is_export: None,
                        loc: Some(
                            Location {
                                range: Range {
                                    start: Position {
                                        line: 2,
                                        character: 17,
                                    },
                                    end: Position {
                                        line: 2,
                                        character: 18,
                                    },
                                },
                                selection_range: Range {
                                    start: Position {
                                        line: 2,
                                        character: 17,
                                    },
                                    end: Position {
                                        line: 2,
                                        character: 30,
                                    },
                                },
                                uri: Url {
                                    scheme: "file",
                                    cannot_be_a_base: false,
                                    username: "",
                                    password: None,
                                    host: None,
                                    port: None,
                                    path: "/x.zeek",
                                    query: None,
                                    fragment: None,
                                },
                            },
                        ),
                        documentation: "```zeek\nc: connection\n```",
                    },
                    Decl {
                        module: None,
                        id: "os",
                        fqid: "os",
                        kind: Variable,
                        is_export: None,
                        loc: Some(
                            Location {
                                range: Range {
                                    start: Position {
                                        line: 2,
                                        character: 32,
                                    },
                                    end: Position {
                                        line: 2,
                                        character: 34,
                                    },
                                },
                                selection_range: Range {
                                    start: Position {
                                        line: 2,
                                        character: 32,
                                    },
                                    end: Position {
                                        line: 2,
                                        character: 50,
                                    },
                                },
                                uri: Url {
                                    scheme: "file",
                                    cannot_be_a_base: false,
                                    username: "",
                                    password: None,
                                    host: None,
                                    port: None,
                                    path: "/x.zeek",
                                    query: None,
                                    fragment: None,
                                },
                            },
                        ),
                        documentation: "```zeek\nos: endpoint_stats\n```",
                    },
                    Decl {
                        module: None,
                        id: "rs",
                        fqid: "rs",
                        kind: Variable,
                        is_export: None,
                        loc: Some(
                            Location {
                                range: Range {
                                    start: Position {
                                        line: 2,
                                        character: 52,
                                    },
                                    end: Position {
                                        line: 2,
                                        character: 54,
                                    },
                                },
                                selection_range: Range {
                                    start: Position {
                                        line: 2,
                                        character: 52,
                                    },
                                    end: Position {
                                        line: 2,
                                        character: 70,
                                    },
                                },
                                uri: Url {
                                    scheme: "file",
                                    cannot_be_a_base: false,
                                    username: "",
                                    password: None,
                                    host: None,
                                    port: None,
                                    path: "/x.zeek",
                                    query: None,
                                    fragment: None,
                                },
                            },
                        ),
                        documentation: "```zeek\nrs: endpoint_stats\n```",
                    },
                ],
            },
        ),
        is_export: Some(
            false,
        ),
        loc: Some(
            Location {
                range: Range {
                    start: Position {
                        line: 2,
                        character: 0,
                    },
                    end: Position {
                        line: 2,
                        character: 72,
                    },
                },
                selection_range: Range {
                    start: Position {
                        line: 2,
                        character: 7,
                    },
                    end: Position {
                        line: 2,
                        character: 9,
                    },
                },
                uri: Url {
                    scheme: "file",
                    cannot_be_a_base: false,
                    username: "",
                    password: None,
                    host: None,
                    port: None,
                    path: "/x.zeek",
                    query: None,
                    fragment: None,
                },
            },
        ),
        documentation: "```zeek\nglobal ev: event(c: connection, os: endpoint_stats, rs: endpoint_stats);\n```",
    },
    Decl {
        module: None,
        id: "hk",
        fqid: "hk",
        kind: HookDecl(
            Signature {
                result: None,
                args: [
                    Decl {
                        module: None,
                        id: "info",
                        fqid: "info",
                        kind: Variable,
                        is_export: None,
                        loc: Some(
                            Location {
                                range: Range {
                                    start: Position {
                                        line: 3,
                                        character: 16,
                                    },
                                    end: Position {
                                        line: 3,
                                        character: 20,
                                    },
                                },
                                selection_range: Range {
                                    start: Position {
                                        line: 3,
                                        character: 16,
                                    },
                                    end: Position {
                                        line: 3,
                                        character: 26,
                                    },
                                },
                                uri: Url {
                                    scheme: "file",
                                    cannot_be_a_base: false,
                                    username: "",
                                    password: None,
                                    host: None,
                                    port: None,
                                    path: "/x.zeek",
                                    query: None,
                                    fragment: None,
                                },
                            },
                        ),
                        documentation: "```zeek\ninfo: Info\n```",
                    },
                    Decl {
                        module: None,
                        id: "s",
                        fqid: "s",
                        kind: Variable,
                        is_export: None,
                        loc: Some(
                            Location {
                                range: Range {
                                    start: Position {
                                        line: 3,
                                        character: 28,
                                    },
                                    end: Position {
                                        line: 3,
                                        character: 29,
                                    },
                                },
                                selection_range: Range {
                                    start: Position {
                                        line: 3,
                                        character: 28,
                                    },
                                    end: Position {
                                        line: 3,
                                        character: 35,
                                    },
                                },
                                uri: Url {
                                    scheme: "file",
                                    cannot_be_a_base: false,
                                    username: "",
                                    password: None,
                                    host: None,
                                    port: None,
                                    path: "/x.zeek",
                                    query: None,
                                    fragment: None,
                                },
                            },
                        ),
                        documentation: "```zeek\ns: Seen\n```",
                    },
                    Decl {
                        module: None,
                        id: "items",
                        fqid: "items",
                        kind: Variable,
                        is_export: None,
                        loc: Some(
                            Location {
                                range: Range {
                                    start: Position {
                                        line: 3,
                                        character: 37,
                                    },
                                    end: Position {
                                        line: 3,
                                        character: 42,
                                    },
                                },
                                selection_range: Range {
                                    start: Position {
                                        line: 3,
                                        character: 37,
                                    },
                                    end: Position {
                                        line: 3,
                                        character: 53,
                                    },
                                },
                                uri: Url {
                                    scheme: "file",
                                    cannot_be_a_base: false,
                                    username: "",
                                    password: None,
                                    host: None,
                                    port: None,
                                    path: "/x.zeek",
                                    query: None,
                                    fragment: None,
                                },
                            },
                        ),
                        documentation: "```zeek\nitems: set[Item]\n```",
                    },
                ],
            },
        ),
        is_export: Some(
            false,
        ),
        loc: Some(
            Location {
                range: Range {
                    start: Position {
                        line: 3,
                        character: 0,
                    },
                    end: Position {
                        line: 3,
                        character: 55,
                    },
                },
                selection_range: Range {
                    start: Position {
                        line: 3,
                        character: 7,
                    },
                    end: Position {
                        line: 3,
                        character: 9,
                    },
                },
                uri: Url {
                    scheme: "file",
                    cannot_be_a_base: false,
                    username: "",
                    password: None,
                    host: None,
                    port: None,
                    path: "/x.zeek",
                    query: None,
                    fragment: None,
                },
            },
        ),
        documentation: "```zeek\nglobal hk: hook(info: Info, s: Seen, items: set[Item]);\n```",
    },
    Decl {
        module: None,
        id: "fn",
        fqid: "fn",
        kind: FuncDecl(
            Signature {
                result: Some(
                    "string",
                ),
                args: [
                    Decl {
                        module: None,
                        id: "n",
                        fqid: "n",
                        kind: Variable,
                        is_export: None,
                        loc: Some(
                            Location {
                                range: Range {
                                    start: Position {
                                        line: 1,
                                        character: 20,
                                    },
                                    end: Position {
                                        line: 1,
                                        character: 21,
                                    },
                                },
                                selection_range: Range {
                                    start: Position {
                                        line: 1,
                                        character: 20,
                                    },
                                    end: Position {
                                        line: 1,
                                        character: 28,
                                    },
                                },
                                uri: Url {
                                    scheme: "file",
                                    cannot_be_a_base: false,
                                    username: "",
                                    password: None,
                                    host: None,
                                    port: None,
                                    path: "/x.zeek",
                                    query: None,
                                    fragment: None,
                                },
                            },
                        ),
                        documentation: "```zeek\nn: count\n```",
                    },
                ],
            },
        ),
        is_export: Some(
            false,
        ),
        loc: Some(
            Location {
                range: Range {
                    start: Position {
                        line: 1,
                        character: 0,
                    },
                    end: Position {
                        line: 1,
                        character: 38,
                    },
                },
                selection_range: Range {
                    start: Position {
                        line: 1,
                        character: 7,
                    },
                    end: Position {
                        line: 1,
                        character: 9,
                    },
                },
                uri: Url {
                    scheme: "file",
                    cannot_be_a_base: false,
                    username: "",
                    password: None,
                    host: None,
                    port: None,
                    path: "/x.zeek",
                    query: None,
                    fragment: None,
                },
            },
        ),
        documentation: "```zeek\nglobal fn: function(n: count): string;\n```",
    },
}
