---
source: src/ast.rs
expression: resolved
---
Decl {
    module: Global,
    id: "interval",
    fqid: "interval",
    kind: Builtin(
        Interval,
    ),
    is_export: None,
    loc: None,
    documentation: "Builtin type 'interval'",
}
