---
source: src/ast.rs
expression: "db.resolve(NodeLocation::from_node(uri.clone(), a)).and_then(|d| db.typ(d))"
---
Some(
    Decl {
        module: Global,
        id: "count",
        fqid: "count",
        kind: Type(
            [],
        ),
        is_export: None,
        loc: Some(
            Location {
                range: Range {
                    start: Position {
                        line: 0,
                        character: 0,
                    },
                    end: Position {
                        line: 0,
                        character: 0,
                    },
                },
                selection_range: Range {
                    start: Position {
                        line: 0,
                        character: 0,
                    },
                    end: Position {
                        line: 0,
                        character: 0,
                    },
                },
                uri: Url {
                    scheme: "file",
                    cannot_be_a_base: false,
                    username: "",
                    password: None,
                    host: None,
                    port: None,
                    path: "/x.zeek",
                    query: None,
                    fragment: None,
                },
            },
        ),
        documentation: "Builtin type 'count'",
    },
)
