---
source: src/lsp.rs
expression: "query(\"F\").await"
---
Ok(
    Some(
        Left(
            [],
        ),
    ),
)
