---
source: src/lsp.rs
expression: "server.goto_implementation(super::GotoImplementationParams\n{\n    text_document_position_params:\n    TextDocumentPositionParams::new(TextDocumentIdentifier::new(uri_x),\n    Position::new(2, 17)), partial_result_params:\n    PartialResultParams::default(), work_done_progress_params:\n    WorkDoneProgressParams::default(),\n}).await"
---
Ok(
    Some(
        Array(
            [
                Location {
                    uri: Uri(
                        Uri {
                            scheme: Some(
                                "file",
                            ),
                            authority: Some(
                                Authority {
                                    userinfo: None,
                                    host: Host {
                                        text: "",
                                        data: RegName(
                                            "",
                                        ),
                                    },
                                    port: None,
                                },
                            ),
                            path: "/x.zeek",
                            query: None,
                            fragment: None,
                        },
                    ),
                    range: Range {
                        start: Position {
                            line: 6,
                            character: 0,
                        },
                        end: Position {
                            line: 6,
                            character: 17,
                        },
                    },
                },
                Location {
                    uri: Uri(
                        Uri {
                            scheme: Some(
                                "file",
                            ),
                            authority: Some(
                                Authority {
                                    userinfo: None,
                                    host: Host {
                                        text: "",
                                        data: RegName(
                                            "",
                                        ),
                                    },
                                    port: None,
                                },
                            ),
                            path: "/x.zeek",
                            query: None,
                            fragment: None,
                        },
                    ),
                    range: Range {
                        start: Position {
                            line: 5,
                            character: 0,
                        },
                        end: Position {
                            line: 5,
                            character: 14,
                        },
                    },
                },
            ],
        ),
    ),
)
