---
source: src/ast.rs
expression: typ
---
Decl {
    module: Global,
    id: "addr",
    fqid: "addr",
    kind: Type(
        [],
    ),
    is_export: None,
    loc: None,
    documentation: "Builtin type 'addr'",
}
