---
source: src/ast.rs
expression: "db.resolve(NodeLocation::from_node(uri, a_c))"
---
Some(
    Decl {
        module: None,
        id: "c",
        fqid: "x::A::c",
        kind: Field,
        is_export: None,
        loc: Some(
            Location {
                range: Range {
                    start: Position {
                        line: 3,
                        character: 20,
                    },
                    end: Position {
                        line: 3,
                        character: 21,
                    },
                },
                selection_range: Range {
                    start: Position {
                        line: 3,
                        character: 20,
                    },
                    end: Position {
                        line: 3,
                        character: 21,
                    },
                },
                uri: Uri(
                    Uri {
                        scheme: Some(
                            "file",
                        ),
                        authority: Some(
                            Authority {
                                userinfo: None,
                                host: Host {
                                    text: "",
                                    data: RegName(
                                        "",
                                    ),
                                },
                                port: None,
                            },
                        ),
                        path: "/x.zeek",
                        query: None,
                        fragment: None,
                    },
                ),
            },
        ),
        documentation: "```zeek\n# In x::A\nc: count &optional;\n```",
    },
)
