---
source: src/lsp.rs
expression: "tokens(\"# @TEST-EXEC: false\")"
---
[
    SemanticTokenType(
        "comment",
    ),
    SemanticTokenType(
        "macro",
    ),
    SemanticTokenType(
        "none",
    ),
    SemanticTokenType(
        "function",
    ),
]
