---
source: src/lsp.rs
expression: "query(\"\").await"
---
Ok(
    Some(
        Left(
            [],
        ),
    ),
)
